[njcquizgh.com/index.html]
[backblue.gif]
[fade.gif]
[index.html]
[njcquizgh.com/wp-content/themes/marcus-oldham/library/img/Sharks_Quiz_logosmall.png]
[njcquizgh.com/wp-content/themes/marcus-oldham/library/img/logo@2x.html]
[njcquizgh.com/wp-content/themes/marcus-oldham/library/img/footer-logo.html]
[njcquizgh.com/wp-content/themes/marcus-oldham/library/img/footer-logo@2x.html]
[njcquizgh.com/wp-content/plugins/litespeed-cache/assets/js/webfontloader.min.js]
[njcquizgh.com/use.typekit.net/fyj5spp.html]
[njcquizgh.com/maxcdn.bootstrapcdn.com/font-awesome/4.7.0/css/font-awesome.min.html]
[njcquizgh.com/logo.jpg]
[njcquizgh.com/index-2.html]
[njcquizgh.com/feed.html]
[njcquizgh.com/comments/feed.html]
[njcquizgh.com/wp-content/litespeed/css/bee1f0142257b0e864cf6b016b933f03959e959e959e.css]
[njcquizgh.com/wp-content/litespeed/css/5236ddb73853ef7b065caaa12ff9d072b713b713b713.css]
[njcquizgh.com/wp-content/litespeed/css/2518178428bfba01f4be12f280e9078556ee56ee56ee.css]
[njcquizgh.com/wp-content/litespeed/css/bb3a023cb1ad8da2156fa21b4e38447e22aa22aa22aa.css]
[njcquizgh.com/wp-content/litespeed/css/e97579dc50f57377edbb05d836a7f0481c801c801c80.css]
[njcquizgh.com/wp-content/litespeed/css/192e9aa6032bd064f6642a40aea84931daa3daa3daa3.css]
[njcquizgh.com/wp-includes/js/jquery/jquery.min.js]
[njcquizgh.com/wp-content/litespeed/js/cb4ef05abb2ff0906c4f94adebb024df544f544f544f.js]
[njcquizgh.com/wp-content/litespeed/js/e0f748687460fbc90b54c30eefcd0c6e1b1d1b1d1b1d.js]
[njcquizgh.com/wp-content/litespeed/js/b89b3a24d6686e759613770999862feb538c538c538c.js]
[njcquizgh.com/wp-content/litespeed/js/81556ac2e0b3aeae95d1f5d828a1c9240ded0ded0ded.js]
[njcquizgh.com/wp-content/litespeed/js/cdd1d130659e03cc3218f099d2bbb826492d492d492d.js]
[njcquizgh.com/wp-json/index.html]
[njcquizgh.com/wp-json/wp/v2/pages/2.json]
[njcquizgh.com/wp-json/oembed/1.0/embed709f709f709f.json]
[njcquizgh.com/wp-json/oembed/1.0/embed7afb7afb7afb.html]
[njcquizgh.com/connect.facebook.net/en_US/fbevents.html]
[njcquizgh.com/index-3.html]
[njcquizgh.com/about.html]
[njcquizgh.com/curriculum.html]
[njcquizgh.com/rule.html]
[njcquizgh.com/sponsors.html]
[njcquizgh.com/news.html]
[njcquizgh.com/njckidz.html]
[njcquizgh.com/contact.html]
[njcquizgh.com/hgg.mp4]
[njcquizgh.com/wp-content/uploads/2018/05/IMG-20231231-WA0009.jpg]
[njcquizgh.com/wp-content/uploads/2018/04/sponsors.jpg]
[njcquizgh.com/vbv.jpg]
[njcquizgh.com/event.html]
[njcquizgh.com/review.html]
[njcquizgh.com/NJC TEAM.html]
[njcquizgh.com/awards.jpg]
[njcquizgh.com/NJC_SEASONS/S5.jpg]
[njcquizgh.com/NJC_SEASONS/S4.jpg]
[njcquizgh.com/NJC_SEASONS/S3.jpg]
[njcquizgh.com/NJC_SEASONS/S2.jpg]
[njcquizgh.com/NJC_SEASONS/S1.jpg]
[njcquizgh.com/FLIER.jpg]
[njcquizgh.com/1.png]
[njcquizgh.com/materials.jpg]
[njcquizgh.com/bgi.jpg]
[njcquizgh.com/social media/facebook.jpg]
[njcquizgh.com/social media/download.png]
[njcquizgh.com/social media/images (1).jpg]
[njcquizgh.com/20230326_185615.jpg]
[njcquizgh.com/www.googletagmanager.com/gtm54455445.3a5445.delayed]
[njcquizgh.com/wp-content/litespeed/js/494359a112a93a1df9f43e533ead3c7cb927b927b927.js]
[njcquizgh.com/wp-includes/js/dist/vendor/wp-polyfill.min.js]
[njcquizgh.com/wp-content/litespeed/js/3fa896a223f335eee40589700465caf1c561c561c561.js]
[njcquizgh.com/wp-content/litespeed/js/9a9b1f898be38453f6658e99e9615280640d640d640d.js]
[njcquizgh.com/wp-includes/js/dist/i18n.min.js]
[njcquizgh.com/wp-content/litespeed/js/185fa648095cbb695e954ab1d09c8df20f950f950f95.js]
[njcquizgh.com/www.google.com/recaptcha/api358035803580.html]
[njcquizgh.com/wp-content/litespeed/js/536b9ed25cafc7bb27602a888fca841d298d298d298d.js]
[njcquizgh.com/index.html]
[njcquizgh.com/wp-content/themes/marcus-oldham/library/img/Sharks_Quiz_logosmall.html]
[njcquizgh.com/wp-content/themes/marcus-oldham/library/img/logo@2x.html]
[njcquizgh.com/wp-content/themes/marcus-oldham/library/img/footer-logo.html]
[njcquizgh.com/wp-content/themes/marcus-oldham/library/img/footer-logo@2x.html]
[njcquizgh.com/wp-content/plugins/litespeed-cache/assets/js/webfontloader.min.js]
[njcquizgh.com/use.typekit.net/fyj5spp.html]
[njcquizgh.com/maxcdn.bootstrapcdn.com/font-awesome/4.7.0/css/font-awesome.min.html]
[njcquizgh.com/index-2.html]
[njcquizgh.com/feed.html]
[njcquizgh.com/comments/feed.html]
[njcquizgh.com/wp-content/litespeed/css/bee1f0142257b0e864cf6b016b933f03959e959e959e.css]
[njcquizgh.com/wp-content/litespeed/css/5236ddb73853ef7b065caaa12ff9d072b713b713b713.css]
[njcquizgh.com/wp-content/litespeed/js/be341125f191a1332390100c74fe74105edc5edc5edc.js]
[njcquizgh.com/wp-content/plugins/download-manager/assets/fontawesome/webfonts/fa-brands-400.eot]
[njcquizgh.com/wp-content/plugins/download-manager/assets/fontawesome/webfonts/fa-brands-400d41dd41dd41d.eot]
[njcquizgh.com/wp-content/plugins/download-manager/assets/fontawesome/webfonts/fa-brands-400.woff2]
[njcquizgh.com/wp-content/plugins/download-manager/assets/fontawesome/webfonts/fa-brands-400.woff]
[njcquizgh.com/wp-content/plugins/download-manager/assets/fontawesome/webfonts/fa-brands-400.ttf]
[njcquizgh.com/wp-content/plugins/download-manager/assets/fontawesome/webfonts/fa-regular-400.eot]
[njcquizgh.com/wp-content/plugins/download-manager/assets/fontawesome/webfonts/fa-brands-400.svg]
[njcquizgh.com/wp-content/plugins/download-manager/assets/fontawesome/webfonts/fa-regular-400d41dd41dd41d.eot]
[njcquizgh.com/wp-content/plugins/download-manager/assets/fontawesome/webfonts/fa-regular-400.woff2]
[njcquizgh.com/wp-content/plugins/download-manager/assets/fontawesome/webfonts/fa-regular-400.woff]
[njcquizgh.com/wp-content/plugins/download-manager/assets/fontawesome/webfonts/fa-regular-400.ttf]
[njcquizgh.com/wp-content/plugins/download-manager/assets/fontawesome/webfonts/fa-regular-400.svg]
[njcquizgh.com/wp-content/plugins/download-manager/assets/fontawesome/webfonts/fa-solid-900.eot]
[njcquizgh.com/wp-content/plugins/download-manager/assets/fontawesome/webfonts/fa-solid-900d41dd41dd41d.eot]
[njcquizgh.com/wp-content/plugins/download-manager/assets/fontawesome/webfonts/fa-solid-900.woff2]
[njcquizgh.com/wp-content/plugins/download-manager/assets/fontawesome/webfonts/fa-solid-900.woff]
[njcquizgh.com/wp-content/plugins/download-manager/assets/fontawesome/webfonts/fa-solid-900.ttf]
[njcquizgh.com/wp-content/litespeed/css/2518178428bfba01f4be12f280e9078556ee56ee56ee.css]
[njcquizgh.com/wp-content/litespeed/css/bb3a023cb1ad8da2156fa21b4e38447e22aa22aa22aa.css]
[njcquizgh.com/wp-content/plugins/download-manager/assets/images/plus.svg]
[njcquizgh.com/wp-content/plugins/download-manager/assets/fontawesome/webfonts/fa-solid-900.svg]
[njcquizgh.com/wp-content/plugins/download-manager/assets/images/sort.svg]
[njcquizgh.com/wp-content/plugins/download-manager/assets/images/loader.svg]
[njcquizgh.com/wp-content/litespeed/css/e97579dc50f57377edbb05d836a7f0481c801c801c80.css]
[njcquizgh.com/wp-content/themes/marcus-oldham/library/fonts/mark_simonson_-_proxima_nova_regular-webfont.eot]
[njcquizgh.com/wp-content/themes/marcus-oldham/library/fonts/mark_simonson_-_proxima_nova_regular-webfontd41dd41dd41d.eot]
[njcquizgh.com/wp-content/themes/marcus-oldham/library/fonts/mark_simonson_-_proxima_nova_regular-webfont.woff]
[njcquizgh.com/wp-content/themes/marcus-oldham/library/fonts/mark_simonson_-_proxima_nova_regular-webfont.ttf]
[njcquizgh.com/wp-content/themes/marcus-oldham/library/fonts/mark_simonson_-_proxima_nova_regular-webfont.svg]
[njcquizgh.com/wp-content/themes/marcus-oldham/library/img/Sharks_Quiz_logosmallf.png]
[njcquizgh.com/wp-content/themes/marcus-oldham/library/img/sharrks111s.png]
[njcquizgh.com/wp-content/themes/marcus-oldham/library/img/logo-ss.html]
[njcquizgh.com/wp-content/themes/marcus-oldham/library/img/logo-ss@2x.html]
[njcquizgh.com/wp-content/themes/marcus-oldham/library/fonts/fontawesome-webfont3e6e3e6e3e6e.eot]
[njcquizgh.com/wp-content/themes/marcus-oldham/library/fonts/fontawesome-webfontd41dd41dd41d.eot]
[njcquizgh.com/wp-content/themes/marcus-oldham/library/fonts/fontawesome-webfont3e6e3e6e3e6e.woff2]
[njcquizgh.com/wp-content/themes/marcus-oldham/library/fonts/fontawesome-webfont3e6e3e6e3e6e.woff]
[njcquizgh.com/wp-content/themes/marcus-oldham/library/fonts/fontawesome-webfont3e6e3e6e3e6e.ttf]
[njcquizgh.com/wp-content/themes/marcus-oldham/library/fonts/fontawesome-webfont3e6e3e6e3e6e.svg]
[njcquizgh.com/wp-content/themes/marcus-oldham/library/img/photoswipe/default-skin.png]
[njcquizgh.com/wp-content/themes/marcus-oldham/library/img/photoswipe/default-skin.svg]
[njcquizgh.com/wp-content/themes/marcus-oldham/library/img/photoswipe/preloader.gif]
[njcquizgh.com/wp-content/litespeed/css/192e9aa6032bd064f6642a40aea84931daa3daa3daa3.css]
[njcquizgh.com/wp-includes/js/jquery/jquery.min.js]
[njcquizgh.com/wp-content/litespeed/js/cb4ef05abb2ff0906c4f94adebb024df544f544f544f.js]
[njcquizgh.com/wp-content/litespeed/js/e0f748687460fbc90b54c30eefcd0c6e1b1d1b1d1b1d.js]
[njcquizgh.com/popper.js]
[njcquizgh.com/wp-content/litespeed/js/b89b3a24d6686e759613770999862feb538c538c538c.js]
[njcquizgh.com/wp-content/litespeed/js/81556ac2e0b3aeae95d1f5d828a1c9240ded0ded0ded.js]
[njcquizgh.com/wp-content/litespeed/js/cdd1d130659e03cc3218f099d2bbb826492d492d492d.js]
[njcquizgh.com/wp-json/index.html]
[njcquizgh.com/wp-json/oembed/1.0/embed7afb7afb7afb.html]
[njcquizgh.com/connect.facebook.net/en_US/fbevents.html]
[njcquizgh.com/index-3.html]
[njcquizgh.com/assets/img/apple-touch-icon.html]
[njcquizgh.com/assets/vendor/bootstrap/css/bootstrap.min.css]
[njcquizgh.com/assets/vendor/icofont/icofont.min.css]
[njcquizgh.com/assets/vendor/boxicons/css/boxicons.min.css]
[njcquizgh.com/assets/vendor/animate.css/animate.min.css]
[njcquizgh.com/assets/vendor/owl.carousel/assets/owl.carousel.min.css]
[njcquizgh.com/assets/vendor/venobox/venobox.css]
[njcquizgh.com/assets/css/style.css]
[njcquizgh.com/wp-content/uploads/2018/05/vdo.mp4]
[njcquizgh.com/subscribed.html]
[njcquizgh.com/IMG-20240119-WA0007.jpg]
[njcquizgh.com/assets/vendor/jquery/jquery.min.js]
[njcquizgh.com/assets/vendor/bootstrap/js/bootstrap.bundle.min.js]
[njcquizgh.com/assets/vendor/jquery.easing/jquery.easing.min.js]
[njcquizgh.com/assets/vendor/php-email-form/validate.js]
[njcquizgh.com/assets/vendor/jquery-sticky/jquery.sticky.js]
[njcquizgh.com/assets/vendor/owl.carousel/owl.carousel.min.7c.delayed]
[njcquizgh.com/assets/vendor/waypoints/jquery.waypoints.min.js]
[njcquizgh.com/assets/vendor/counterup/counterup.min.js]
[njcquizgh.com/assets/vendor/isotope-layout/isotope.pkgd.min.js]
[njcquizgh.com/assets/vendor/venobox/venobox.min.js]
[njcquizgh.com/about.html]
[njcquizgh.com/assets/js/main.js]
[njcquizgh.com/assets/vendor/owl.carousel/owl.82.delayed]
[njcquizgh.com/curriculum.html]
[njcquizgh.com/font/demo-files/demo.css]
[njcquizgh.com/plugins/fancybox/jquery.fancybox.css]
[njcquizgh.com/plugins/revolution/css/settings.css]
[njcquizgh.com/plugins/revolution/css/layers.css]
[njcquizgh.com/plugins/revolution/css/navigation.css]
[njcquizgh.com/css/bootstrap-grid.min.css]
[njcquizgh.com/css/fontello.css]
[njcquizgh.com/css/owl.carousel.css]
[njcquizgh.com/css/style.css]
[njcquizgh.com/css/responsive.css]
[njcquizgh.com/general_style.css]
[njcquizgh.com/rules.jpg]
[njcquizgh.com/js/libs/jquery.modernizr.js]
[njcquizgh.com/js/libs/jquery-2.2.4.min.js]
[njcquizgh.com/js/libs/jquery-ui.min.js]
[njcquizgh.com/js/libs/retina.min.js]
[njcquizgh.com/plugins/jquery.localScroll.min.js]
[njcquizgh.com/plugins/jquery.scrollTo.min.js]
[njcquizgh.com/plugins/jquery.countdown.min.js]
[njcquizgh.com/plugins/fancybox/jquery.fancybox.js]
[njcquizgh.com/plugins/mad.customselect.js]
[njcquizgh.com/plugins/instafeed.min.js]
[njcquizgh.com/plugins/revolution/js/jquery.themepunch.tools.min55975597.js]
[njcquizgh.com/plugins/revolution/js/jquery.themepunch.revolution.min55975597.js]
[njcquizgh.com/plugins/jquery.queryloader2.min.js]
[njcquizgh.com/plugins/owl.carousel.min.js]
[njcquizgh.com/js/plugins.js]
[njcquizgh.com/js/script.js]
[njcquizgh.com/plugins/revolution/js/extensions/revolution.extension.slideanims.min.js]
[njcquizgh.com/plugins/revolution/js/extensions/revolution.extension.layeranimation.min.js]
[njcquizgh.com/plugins/revolution/js/extensions/revolution.extension.navigation.min.js]
[njcquizgh.com/rule.html]
[njcquizgh.com/sponsors.html]
[njcquizgh.com/wp-content/uploads/2018/01/1.jpg]
[njcquizgh.com/OTM.mp4]
[njcquizgh.com/news.html]
[njcquizgh.com/wp-content/themes/marcus-oldham/apple-touch-icon5e1f5e1f5e1f.html]
[njcquizgh.com/wp-content/themes/marcus-oldham/favicon5e1f5e1f5e1f.html]
[njcquizgh.com/wp-content/themes/marcus-oldham/favicon5e1f5e1f5e1f.ico]
[njcquizgh.com/kidz/FB_IMG_17060961006139834.jpg]
[njcquizgh.com/aboutkidz.html]
[njcquizgh.com/kidz/image-274.png]
[njcquizgh.com/kidz/IMG_20240124_113707.png]
[njcquizgh.com/kidz/FA.jpg]
[njcquizgh.com/kidz/uh.jpg]
[njcquizgh.com/kidz/IMG_6364.jpg]
[njcquizgh.com/njckidz.html]
[njcquizgh.com/contact.html]
[njcquizgh.com/events.af.delayed]
[njcquizgh.com/register.jpg]
[njcquizgh.com/event.html]
[njcquizgh.com/review/IMG-20230713-WA0007.jpg]
[njcquizgh.com/review/IMG-20231205-WA0024.jpg]
[njcquizgh.com/review/FB_IMG_17018130183947157.jpg]
[njcquizgh.com/review/IMG-20231231-WA0025.jpg]
[njcquizgh.com/review/IMG-20231203-WA0034.jpg]
[njcquizgh.com/review/IMG-20240103-WA0002.jpg]
[njcquizgh.com/review.html]
[njcquizgh.com/TEAM/IMG-20231231-WA0031.jpg]
[njcquizgh.com/TEAM/IMG-20231231-WA0025.jpg]
[njcquizgh.com/TEAM/Photos 4_1_2024 3_30_45 PM.png]
[njcquizgh.com/TEAM/N.jpg]
[njcquizgh.com/TEAM/F.jpg]
[njcquizgh.com/TEAM/FB_IMG_1691220857100.jpg]
[njcquizgh.com/TEAM/NJC-201.jpg]
[njcquizgh.com/TEAM/IMG-20181124-WA0018.jpg]
[njcquizgh.com/NJC TEAM.html]
[njcquizgh.com/www.googletagmanager.com/gtm544554455445.html]
[njcquizgh.com/wp-content/litespeed/js/494359a112a93a1df9f43e533ead3c7cb927b927b927.js]
[njcquizgh.com/wp-includes/js/dist/vendor/wp-polyfill.min.js]
[njcquizgh.com/social media/images.jpeg]
[njcquizgh.com/e.bf.delayed]
[njcquizgh.com/wp-content/litespeed/js/3fa896a223f335eee40589700465caf1c561c561c561.js]
[njcquizgh.com/wp-content/litespeed/js/9a9b1f898be38453f6658e99e9615280640d640d640d.js]
[njcquizgh.com/wp-includes/js/dist/i18n.min.js]
[njcquizgh.com/wp-content/litespeed/js/185fa648095cbb695e954ab1d09c8df20f950f950f95.js]
[njcquizgh.com/www.google.com/recaptcha/api358035803580.html]
[njcquizgh.com/wp-content/litespeed/js/536b9ed25cafc7bb27602a888fca841d298d298d298d.js]
[njcquizgh.com/Popover requires tooltip.js]
[njcquizgh.com/about-us/discover-marcus-oldham/student-stories]
[njcquizgh.com/wp-content/litespeed/js/be341125f191a1332390100c74fe74105edc5edc5edc.js]
[njcquizgh.com/wp-content/plugins/download-manager/assets/fontawesome/webfonts/fa-brands-400.svg]
[njcquizgh.com/wp-content/plugins/download-manager/assets/fontawesome/webfonts/fa-regular-400.svg]
[njcquizgh.com/dist/index.html]
[njcquizgh.com/wp-content/plugins/download-manager/assets/fontawesome/webfonts/fa-solid-900.svg]
[njcquizgh.com/wp-content/plugins/download-manager/assets/images/plus.svg]
[njcquizgh.com/wp-content/plugins/download-manager/assets/images/sort.svg]
[njcquizgh.com/wp-content/plugins/download-manager/assets/images/loader.svg]
[njcquizgh.com/wp-content/themes/marcus-oldham/library/fonts/mark_simonson_-_proxima_nova_regular-webfont.svg]
[njcquizgh.com/wp-content/themes/marcus-oldham/library/img/Sharks_Quiz_logosmallf.html]
[njcquizgh.com/wp-content/themes/marcus-oldham/library/img/logo-ss.html]
[njcquizgh.com/wp-content/themes/marcus-oldham/library/img/logo-ss@2x.html]
[njcquizgh.com/wp-content/themes/marcus-oldham/library/fonts/fontawesome-webfont3e6e3e6e3e6e.svg]
[njcquizgh.com/wp-content/themes/marcus-oldham/library/img/photoswipe/default-skin.html]
[njcquizgh.com/wp-content/themes/marcus-oldham/library/img/photoswipe/default-skin-2.html]
[njcquizgh.com/wp-content/themes/marcus-oldham/library/img/photoswipe/preloader.html]
[njcquizgh.com/popper.html]
[njcquizgh.com/assets/img/apple-touch-icon.html]
[njcquizgh.com/assets/vendor/bootstrap/css/bootstrap.min.css]
[njcquizgh.com/assets/vendor/icofont/fonts/icofont.woff2]
[njcquizgh.com/assets/vendor/icofont/fonts/icofont.woff]
[njcquizgh.com/assets/vendor/icofont/icofont.min.css]
[njcquizgh.com/assets/vendor/boxicons/fonts/boxicons.eot]
[njcquizgh.com/assets/vendor/boxicons/fonts/boxicons.woff2]
[njcquizgh.com/assets/vendor/boxicons/fonts/boxicons.woff]
[njcquizgh.com/assets/vendor/boxicons/fonts/boxicons.ttf]
[njcquizgh.com/assets/vendor/boxicons/css/boxicons.min.css]
[njcquizgh.com/assets/vendor/animate.css/animate.min.css]
[njcquizgh.com/assets/vendor/owl.carousel/assets/owl.video.play.png]
[njcquizgh.com/assets/vendor/owl.carousel/assets/owl.carousel.min.css]
[njcquizgh.com/assets/vendor/venobox/venobox.css]
[njcquizgh.com/assets/vendor/boxicons/fonts/boxiconsd41dd41d.svg]
[njcquizgh.com/assets/css/assets/img/slide/slide-0.html]
[njcquizgh.com/assets/img/headers/aboutusheader.html]
[njcquizgh.com/assets/img/headers/boardbanner2.html]
[njcquizgh.com/assets/img/headers/contactusheader.html]
[njcquizgh.com/assets/img/headers/curriculum.html]
[njcquizgh.com/assets/img/headers/Eligibilityheader.jpg]
[njcquizgh.com/assets/img/headers/galleryheader.html]
[njcquizgh.com/assets/img/headers/newsheader.html]
[njcquizgh.com/assets/img/headers/rulesheader.jpg]
[njcquizgh.com/assets/img/headers/sponsorheader.html]
[njcquizgh.com/assets/img/headers/timelineheader.html]
[njcquizgh.com/assets/css/style.css]
[njcquizgh.com/blogs/index.html]
[njcquizgh.com/subscribed.html]
[njcquizgh.com/assets/vendor/jquery/jquery.min.js]
[njcquizgh.com/assets/vendor/bootstrap/js/bootstrap.bundle.min.js]
[njcquizgh.com/assets/vendor/jquery.easing/jquery.easing.min.js]
[njcquizgh.com/assets/vendor/php-email-form/validate.js]
[njcquizgh.com/assets/vendor/jquery-sticky/jquery.sticky.js]
[njcquizgh.com/assets/vendor/owl.carousel/owl.carousel.min.html]
[njcquizgh.com/assets/vendor/waypoints/jquery.waypoints.min.js]
[njcquizgh.com/assets/vendor/counterup/counterup.min.js]
[njcquizgh.com/assets/vendor/isotope-layout/isotope.pkgd.min.js]
[njcquizgh.com/assets/vendor/venobox/venobox.min.js]
[njcquizgh.com/assets/js/main.js]
[njcquizgh.com/assets/vendor/owl.carousel/owl.html]
[njcquizgh.com/font/demo-files/demo.html]
[njcquizgh.com/plugins/fancybox/jquery.fancybox.css]
[njcquizgh.com/plugins/revolution/fonts/revicons/revicons90c690c6.eot]
[njcquizgh.com/plugins/revolution/fonts/revicons/revicons90c690c6.woff]
[njcquizgh.com/plugins/revolution/fonts/revicons/revicons90c690c6.ttf]
[njcquizgh.com/plugins/revolution/fonts/revicons/revicons90c690c6.svg]
[njcquizgh.com/plugins/revolution/css/openhand.html]
[njcquizgh.com/plugins/revolution/css/closedhand.html]
[njcquizgh.com/plugins/revolution/assets/gridtile.png]
[njcquizgh.com/plugins/revolution/assets/gridtile_white.png]
[njcquizgh.com/plugins/revolution/assets/gridtile_3x3.png]
[njcquizgh.com/plugins/revolution/assets/gridtile_3x3_white.png]
[njcquizgh.com/plugins/revolution/assets/coloredbg.png]
[njcquizgh.com/plugins/revolution/assets/loader.gif]
[njcquizgh.com/plugins/revolution/css/settings.css]
[njcquizgh.com/plugins/revolution/css/layers.css]
[njcquizgh.com/plugins/revolution/css/navigation.css]
[njcquizgh.com/css/bootstrap-grid.min.css]
[njcquizgh.com/font/fontello8dc88dc8.eot]
[njcquizgh.com/font/fontello8dc88dc8.woff2]
[njcquizgh.com/font/fontello8dc88dc8.woff]
[njcquizgh.com/font/fontello8dc88dc8.ttf]
[njcquizgh.com/font/fontello8dc88dc8.svg]
[njcquizgh.com/css/fontello.css]
[njcquizgh.com/css/owl.video.play.html]
[njcquizgh.com/css/owl.carousel.css]
[njcquizgh.com/images/15x16_icon2.png]
[njcquizgh.com/images/15x16_icon1.png]
[njcquizgh.com/images/15x16_icon3.png]
[njcquizgh.com/images/15x16_icon4.png]
[njcquizgh.com/images/15x16_icon5.png]
[njcquizgh.com/images/15x16_icon6.png]
[njcquizgh.com/images/icon_zoomin.png]
[njcquizgh.com/css/style.css]
[njcquizgh.com/css/responsive.css]
[njcquizgh.com/general_style.html]
[njcquizgh.com/js/libs/jquery.modernizr.js]
[njcquizgh.com/js/libs/jquery-2.2.4.min.js]
[njcquizgh.com/js/libs/jquery-ui.min.js]
[njcquizgh.com/HEAD]
[njcquizgh.com/js/libs/retina.min.js]
[njcquizgh.com/plugins/jquery.localScroll.min.js]
[njcquizgh.com/plugins/jquery.scrollTo.min.js]
[njcquizgh.com/plugins/jquery.countdown.min.js]
[njcquizgh.com/plugins/fancybox/jquery.fancybox.js]
[njcquizgh.com/plugins/mad.customselect.js]
[njcquizgh.com/plugins/instafeed.min.js]
[njcquizgh.com/TweenLite.js]
[njcquizgh.com/plugins/revolution/js/jquery.themepunch.tools.min55975597.js]
[njcquizgh.com/Version/index.html]
[njcquizgh.com/themepunch.revolution.min.f1.delayed]
[njcquizgh.com/jquery.themepunch.revolution.min.js]
[njcquizgh.com/jquery.themepunch.revolution.js]
[njcquizgh.com/plugins/revolution/js/jquery.themepunch.revolution.min55975597.js]
[njcquizgh.com/plugins/jquery.queryloader2.min.js]
[njcquizgh.com/plugins/owl.carousel.min.js]
[njcquizgh.com/img.svg]
[njcquizgh.com/js/plugins.js]
[njcquizgh.com/js/script.js]
[njcquizgh.com/plugins/revolution/js/extensions/revolution.extension.slideanims.min.js]
[njcquizgh.com/plugins/revolution/js/extensions/revolution.extension.layeranimation.min.js]
[njcquizgh.com/plugins/revolution/js/extensions/revolution.extension.navigation.min.js]
[njcquizgh.com/wp-content/themes/marcus-oldham/apple-touch-icon5e1f5e1f5e1f.html]
[njcquizgh.com/wp-content/themes/marcus-oldham/favicon5e1f5e1f5e1f.html]
[njcquizgh.com/wp-content/themes/marcus-oldham/favicon5e1f5e1f5e1f-2.html]
[njcquizgh.com/NJCKIDZ-2.html]
[njcquizgh.com/aboutkidz.html]
[njcquizgh.com/events.html]
[njcquizgh.com/e.html]
[njcquizgh.com/Popover requires tooltip.html]
[njcquizgh.com/dist/index.html]
[njcquizgh.com/about-us/discover-marcus-oldham/student-stories.html]
[njcquizgh.com/kidz/FB_IMG_17060963144721368.jpg]
[njcquizgh.com/assets/vendor/boxicons/fonts/boxiconsd41dd41d.svg]
[njcquizgh.com/assets/css/assets/img/slide/slide-0.html]
[njcquizgh.com/assets/img/headers/aboutusheader.html]
[njcquizgh.com/assets/img/headers/boardbanner2.html]
[njcquizgh.com/assets/img/headers/contactusheader.html]
[njcquizgh.com/assets/img/headers/curriculum.html]
[njcquizgh.com/assets/img/headers/galleryheader.html]
[njcquizgh.com/assets/img/headers/newsheader.html]
[njcquizgh.com/assets/img/headers/sponsorheader.html]
[njcquizgh.com/assets/img/headers/timelineheader.html]
[njcquizgh.com/blogs/index.html]
[njcquizgh.com/plugins/revolution/fonts/revicons/revicons90c690c6.svg]
[njcquizgh.com/plugins/revolution/css/openhand.html]
[njcquizgh.com/plugins/revolution/css/closedhand.html]
[njcquizgh.com/font/fontello8dc88dc8.html]
[njcquizgh.com/font/fontello8dc88dc8-2.html]
[njcquizgh.com/font/fontello8dc88dc8-3.html]
[njcquizgh.com/font/fontello8dc88dc8-4.html]
[njcquizgh.com/font/fontello8dc88dc8-5.html]
[njcquizgh.com/css/owl.video.play.html]
[njcquizgh.com/images/15x16_icon2.html]
[njcquizgh.com/images/15x16_icon1.html]
[njcquizgh.com/images/15x16_icon3.html]
[njcquizgh.com/images/15x16_icon4.html]
[njcquizgh.com/images/15x16_icon5.html]
[njcquizgh.com/images/15x16_icon6.html]
[njcquizgh.com/images/icon_zoomin.html]
[njcquizgh.com/HEAD.html]
[njcquizgh.com/TweenLite.html]
[njcquizgh.com/Version/index.html]
[njcquizgh.com/themepunch.revolution.min.html]
[njcquizgh.com/jquery.themepunch.revolution.min.html]
[njcquizgh.com/jquery.themepunch.revolution.html]
[njcquizgh.com/img.html]
[njcquizgh.com/NJCKIDZ-2.html]
